=== t=0s ===
rag-agent-api-7676c6bfc4-f4dcr   4m    1485Mi
rag-agent-api-7676c6bfc4-vsf4c   4m    1389Mi
=== t=30s ===
rag-agent-api-7676c6bfc4-f4dcr   678m   1522Mi
rag-agent-api-7676c6bfc4-vsf4c   777m   1580Mi
=== t=60s ===
rag-agent-api-7676c6bfc4-f4dcr   325m   1526Mi
rag-agent-api-7676c6bfc4-vsf4c   441m   1580Mi
=== t=90s ===
rag-agent-api-7676c6bfc4-f4dcr   415m   1506Mi
rag-agent-api-7676c6bfc4-vsf4c   413m   1566Mi
=== t=120s ===
rag-agent-api-7676c6bfc4-f4dcr   418m   1506Mi
rag-agent-api-7676c6bfc4-vsf4c   383m   1570Mi
=== t=150s ===
rag-agent-api-7676c6bfc4-f4dcr   327m   1491Mi
rag-agent-api-7676c6bfc4-vsf4c   380m   1583Mi
=== t=180s ===
rag-agent-api-7676c6bfc4-f4dcr   341m   1484Mi
rag-agent-api-7676c6bfc4-vsf4c   381m   1570Mi
=== t=210s ===
rag-agent-api-7676c6bfc4-f4dcr   333m   1483Mi
rag-agent-api-7676c6bfc4-vsf4c   381m   1562Mi
=== t=240s ===
rag-agent-api-7676c6bfc4-f4dcr   325m   1496Mi
rag-agent-api-7676c6bfc4-vsf4c   337m   1577Mi
=== t=270s ===
rag-agent-api-7676c6bfc4-f4dcr   389m   1478Mi
rag-agent-api-7676c6bfc4-vsf4c   323m   1584Mi
=== t=300s ===
rag-agent-api-7676c6bfc4-f4dcr   339m   1494Mi
rag-agent-api-7676c6bfc4-vsf4c   357m   1593Mi
=== t=330s ===
rag-agent-api-7676c6bfc4-f4dcr   169m   1463Mi
rag-agent-api-7676c6bfc4-vsf4c   104m   1584Mi
