=== t=0s ===
rag-agent-api-7676c6bfc4-f4dcr   5m    1081Mi
rag-agent-api-7676c6bfc4-vsf4c   5m    982Mi
=== t=30s ===
rag-agent-api-7676c6bfc4-f4dcr   964m    1440Mi
rag-agent-api-7676c6bfc4-vsf4c   1164m   1263Mi
=== t=60s ===
rag-agent-api-7676c6bfc4-f4dcr   608m   1483Mi
rag-agent-api-7676c6bfc4-vsf4c   609m   1365Mi
=== t=90s ===
rag-agent-api-7676c6bfc4-f4dcr   399m   1478Mi
rag-agent-api-7676c6bfc4-vsf4c   493m   1369Mi
=== t=120s ===
rag-agent-api-7676c6bfc4-f4dcr   441m   1476Mi
rag-agent-api-7676c6bfc4-vsf4c   403m   1381Mi
=== t=150s ===
rag-agent-api-7676c6bfc4-f4dcr   412m   1491Mi
rag-agent-api-7676c6bfc4-vsf4c   511m   1399Mi
=== t=180s ===
rag-agent-api-7676c6bfc4-f4dcr   457m   1504Mi
rag-agent-api-7676c6bfc4-vsf4c   498m   1403Mi
=== t=210s ===
rag-agent-api-7676c6bfc4-f4dcr   446m   1507Mi
rag-agent-api-7676c6bfc4-vsf4c   526m   1405Mi
=== t=240s ===
rag-agent-api-7676c6bfc4-f4dcr   523m   1507Mi
rag-agent-api-7676c6bfc4-vsf4c   433m   1407Mi
=== t=270s ===
rag-agent-api-7676c6bfc4-f4dcr   422m   1510Mi
rag-agent-api-7676c6bfc4-vsf4c   461m   1412Mi
=== t=300s ===
rag-agent-api-7676c6bfc4-f4dcr   479m   1515Mi
rag-agent-api-7676c6bfc4-vsf4c   442m   1408Mi
=== t=330s ===
rag-agent-api-7676c6bfc4-f4dcr   216m   1503Mi
rag-agent-api-7676c6bfc4-vsf4c   288m   1409Mi
=== t=360s ===
rag-agent-api-7676c6bfc4-f4dcr   46m   1488Mi
rag-agent-api-7676c6bfc4-vsf4c   23m   1381Mi
=== t=390s ===
rag-agent-api-7676c6bfc4-f4dcr   4m    1485Mi
rag-agent-api-7676c6bfc4-vsf4c   3m    1381Mi
=== t=420s ===
rag-agent-api-7676c6bfc4-f4dcr   3m    1485Mi
rag-agent-api-7676c6bfc4-vsf4c   3m    1381Mi
=== t=450s ===
rag-agent-api-7676c6bfc4-f4dcr   4m    1485Mi
rag-agent-api-7676c6bfc4-vsf4c   4m    1381Mi
=== t=480s ===
rag-agent-api-7676c6bfc4-f4dcr   4m    1485Mi
rag-agent-api-7676c6bfc4-vsf4c   4m    1381Mi
=== t=510s ===
rag-agent-api-7676c6bfc4-f4dcr   4m    1485Mi
rag-agent-api-7676c6bfc4-vsf4c   4m    1381Mi
