=== t=0s ===
rag-agent-api-7676c6bfc4-f4dcr   4m    1455Mi
rag-agent-api-7676c6bfc4-vsf4c   4m    1580Mi
=== t=15s ===
rag-agent-api-7676c6bfc4-f4dcr   1179m   1730Mi
rag-agent-api-7676c6bfc4-vsf4c   1181m   1820Mi
=== t=30s ===
rag-agent-api-7676c6bfc4-f4dcr   723m   1731Mi
rag-agent-api-7676c6bfc4-vsf4c   851m   1825Mi
=== t=45s ===
rag-agent-api-7676c6bfc4-f4dcr   698m   1721Mi
rag-agent-api-7676c6bfc4-vsf4c   661m   1808Mi
=== t=60s ===
rag-agent-api-7676c6bfc4-f4dcr   498m   1724Mi
rag-agent-api-7676c6bfc4-vsf4c   508m   1816Mi
=== t=75s ===
rag-agent-api-7676c6bfc4-f4dcr   445m   1724Mi
rag-agent-api-7676c6bfc4-vsf4c   416m   1819Mi
=== t=90s ===
rag-agent-api-7676c6bfc4-f4dcr   448m   1716Mi
rag-agent-api-7676c6bfc4-vsf4c   483m   1814Mi
=== t=105s ===
rag-agent-api-7676c6bfc4-f4dcr   177m   1714Mi
rag-agent-api-7676c6bfc4-vsf4c   176m   1814Mi
=== t=120s ===
error: Metrics not available for pod default/rag-agent-api-7676c6bfc4-f4dcr, age: 1h11m15.713225s
=== t=135s ===
rag-agent-api-7676c6bfc4-f4dcr   63m   892Mi
rag-agent-api-7676c6bfc4-vsf4c   89m   841Mi
