=== t=0s ===
rag-agent-api-7676c6bfc4-bm85w   4m    878Mi
rag-agent-api-7676c6bfc4-d7kdh   4m    864Mi
rag-agent-api-7676c6bfc4-f4dcr   4m    743Mi
rag-agent-api-7676c6bfc4-vsf4c   4m    534Mi
rag-agent-api-7676c6bfc4-w55ft   4m    902Mi
=== t=30s ===
rag-agent-api-7676c6bfc4-bm85w   460m   991Mi
rag-agent-api-7676c6bfc4-d7kdh   417m   983Mi
rag-agent-api-7676c6bfc4-f4dcr   533m   1008Mi
rag-agent-api-7676c6bfc4-vsf4c   317m   948Mi
rag-agent-api-7676c6bfc4-w55ft   451m   961Mi
=== t=60s ===
rag-agent-api-7676c6bfc4-bm85w   188m   1017Mi
rag-agent-api-7676c6bfc4-d7kdh   163m   1010Mi
rag-agent-api-7676c6bfc4-f4dcr   188m   1021Mi
rag-agent-api-7676c6bfc4-vsf4c   92m    950Mi
rag-agent-api-7676c6bfc4-w55ft   170m   998Mi
=== t=90s ===
rag-agent-api-7676c6bfc4-bm85w   197m   1021Mi
rag-agent-api-7676c6bfc4-d7kdh   160m   1013Mi
rag-agent-api-7676c6bfc4-f4dcr   195m   1026Mi
rag-agent-api-7676c6bfc4-vsf4c   85m    951Mi
rag-agent-api-7676c6bfc4-w55ft   149m   1004Mi
=== t=120s ===
rag-agent-api-7676c6bfc4-bm85w   224m   1025Mi
rag-agent-api-7676c6bfc4-d7kdh   158m   1017Mi
rag-agent-api-7676c6bfc4-f4dcr   248m   1032Mi
rag-agent-api-7676c6bfc4-vsf4c   107m   952Mi
rag-agent-api-7676c6bfc4-w55ft   176m   1007Mi
=== t=150s ===
rag-agent-api-7676c6bfc4-bm85w   205m   1030Mi
rag-agent-api-7676c6bfc4-d7kdh   121m   1014Mi
rag-agent-api-7676c6bfc4-f4dcr   174m   1047Mi
rag-agent-api-7676c6bfc4-vsf4c   52m    955Mi
rag-agent-api-7676c6bfc4-w55ft   115m   1010Mi
=== t=180s ===
rag-agent-api-7676c6bfc4-bm85w   190m   1036Mi
rag-agent-api-7676c6bfc4-d7kdh   111m   1017Mi
rag-agent-api-7676c6bfc4-f4dcr   206m   1050Mi
rag-agent-api-7676c6bfc4-vsf4c   74m    956Mi
rag-agent-api-7676c6bfc4-w55ft   157m   1014Mi
=== t=210s ===
rag-agent-api-7676c6bfc4-bm85w   173m   1039Mi
rag-agent-api-7676c6bfc4-d7kdh   140m   1019Mi
rag-agent-api-7676c6bfc4-f4dcr   194m   1056Mi
rag-agent-api-7676c6bfc4-vsf4c   73m    958Mi
rag-agent-api-7676c6bfc4-w55ft   102m   1016Mi
=== t=240s ===
rag-agent-api-7676c6bfc4-bm85w   184m   1039Mi
rag-agent-api-7676c6bfc4-d7kdh   144m   1019Mi
rag-agent-api-7676c6bfc4-f4dcr   166m   1056Mi
rag-agent-api-7676c6bfc4-vsf4c   64m    958Mi
rag-agent-api-7676c6bfc4-w55ft   119m   1019Mi
=== t=270s ===
rag-agent-api-7676c6bfc4-bm85w   202m   1043Mi
rag-agent-api-7676c6bfc4-d7kdh   126m   1021Mi
rag-agent-api-7676c6bfc4-f4dcr   136m   1058Mi
rag-agent-api-7676c6bfc4-vsf4c   85m    959Mi
rag-agent-api-7676c6bfc4-w55ft   173m   1022Mi
=== t=300s ===
rag-agent-api-7676c6bfc4-bm85w   175m   1057Mi
rag-agent-api-7676c6bfc4-d7kdh   168m   1025Mi
rag-agent-api-7676c6bfc4-f4dcr   158m   1062Mi
rag-agent-api-7676c6bfc4-vsf4c   97m    961Mi
rag-agent-api-7676c6bfc4-w55ft   121m   1027Mi
=== t=330s ===
rag-agent-api-7676c6bfc4-bm85w   8m    1053Mi
rag-agent-api-7676c6bfc4-d7kdh   6m    1021Mi
rag-agent-api-7676c6bfc4-f4dcr   6m    1066Mi
rag-agent-api-7676c6bfc4-vsf4c   5m    959Mi
rag-agent-api-7676c6bfc4-w55ft   18m   1024Mi
